// Jest Snapshot v1, https://goo.gl/fbAQLP

exports[`AddProperty renders correctly 1`] = `
<DocumentFragment>
  <div
    class="add-property"
  >
    <form>
      <div
        class="property-title"
      >
        <label
          for="title"
        >
          Property Title: 
          <input
            id="title"
            name="title"
            placeholder="Blue Cottage"
            value=""
          />
        </label>
      </div>
      <div
        class="property-city"
      >
        <label
          for="city"
        >
          City: 
          <select
            id="city"
            name="city"
          >
            <option
              value="Manchester"
            >
              Manchester
            </option>
            <option
              value="Leeds"
            >
              Leeds
            </option>
            <option
              value="Birmingham"
            >
              Birmingham
            </option>
            <option
              value="Oxford"
            >
              Oxford
            </option>
          </select>
        </label>
      </div>
      <div
        class="property-type"
      >
        <label
          for="type"
        >
          Type: 
          <select
            id="type"
            name="type"
          >
            <option
              value="Flat"
            >
              Flat
            </option>
            <option
              value="Detached"
            >
              Detached
            </option>
            <option
              value="Semi-Detached"
            >
              Semi-Detached
            </option>
            <option
              value="Terraced"
            >
              Terraced
            </option>
            <option
              value="End of Terrace"
            >
              End of Terrace
            </option>
            <option
              value="Cottage"
            >
              Cottage
            </option>
            <option
              value="Bungalow"
            >
              Bungalow
            </option>
          </select>
        </label>
      </div>
      <div
        class="property-bedrooms"
      >
        <label
          for="bedrooms"
        >
          Bedrooms: 
          <input
            id="bedrooms"
            name="bedrooms"
            placeholder="3"
            type="number"
            value=""
          />
        </label>
      </div>
      <div
        class="property-price"
      >
        <label
          for="price"
        >
          Price: £
          <input
            id="price"
            min="0"
            name="price"
            placeholder="250000"
            step="500"
            type="number"
            value=""
          />
        </label>
      </div>
      <div
        class="property-email"
      >
        <label
          for="email"
        >
          Email: 
          <input
            id="email"
            name="email"
            placeholder="john.smith@email.com"
            type="text"
            value=""
          />
        </label>
      </div>
      <button
        type="submit"
      >
        Add
      </button>
    </form>
  </div>
</DocumentFragment>
`;
